Sender: LSF System <lsf@node1451>
Subject: Job 1748665: <66380> Exited

Job <66380> was submitted from host <gpint01> by user <gpdev> in cluster <cromwell>.
Job was executed on host(s) <node1451>, in queue <genepattern>, as user <gpdev> in cluster <cromwell>.
</home/unix/gpdev> was used as the home directory.
</xchip/gpdev/servers/gp-trunk/jobResults/66380> was used as the working directory.
Started at Thu Jul 10 17:41:36 2014
Results reported at Thu Jul 10 17:42:19 2014

Your job looked like:

------------------------------------------------------------
# LSBATCH: User input
'/broad/software/free/Linux/redhat_5_x86_64/pkgs/oracle-java-jdk_1.7.0-51_x86_64/bin/java' '-Xmx1g' '-cp' '/xchip/gpdev/servers/gp-trunk/taskLib/TestStep.0.3.4557/TestStepPackage.jar:/xchip/gpdev/servers/gp-trunk/taskLib/TestStep.0.3.4557/gp-annotations.jar:/xchip/gpdev/servers/gp-trunk/taskLib/TestStep.0.3.4557/jopt-simple-3.3.jar' 'org.genepattern.testmodule.teststep.TestStep' '--message=Hello, World!' '--errorMessage=cancelled by user' '--exitCode=0' '--runningTime=600' '--verbose=yes' '--copyInputFiles=no' >> 'stdout.txt'
------------------------------------------------------------

TERM_OWNER: job killed by owner.
Exited with exit code 130.

Resource usage summary:

    CPU time   :      2.07 sec.
    Max Memory :        33 MB
    Max Swap   :      2550 MB

    Max Processes  :         3
    Max Threads    :        23

The output (if any) follows:



PS:

Read file </xchip/gpdev/servers/gp-trunk/jobResults/66380/stderr.txt> for stderr output of this job.

